// Jest Snapshot v1, https://goo.gl/fbAQLP

exports[`Table Integration Snapshot 1`] = `
<table
  className="MuiTable-root"
>
  <thead
    className="MuiTableHead-root"
  >
    <th
      aria-sort={null}
      className="MuiTableCell-root MuiTableCell-head"
      scope="col"
    >
      Some header
    </th>
  </thead>
  <tbody
    className="MuiTableBody-root"
  >
    <td
      aria-sort={null}
      className="MuiTableCell-root MuiTableCell-body"
    >
      Something
    </td>
  </tbody>
</table>
`;

exports[`Table Table Snapshot 1`] = `
<table
  className="MuiTable-root"
/>
`;

exports[`Table TableBody Snapshot 1`] = `
<tbody
  className="MuiTableBody-root"
/>
`;

exports[`Table TableCell Snapshot 1`] = `
<td
  aria-sort={null}
  className="MuiTableCell-root"
/>
`;

exports[`Table TableHead Snapshot 1`] = `
<thead
  className="MuiTableHead-root"
/>
`;

exports[`Table TableRow Snapshot 1`] = `
<tr
  className="MuiTableRow-root"
/>
`;
